\BOOKMARK [1][-]{section.1}{\376\377\000I\000n\000t\000r\000o\000d\000u\000c\000t\000i\000o\000n}{}% 1
\BOOKMARK [1][-]{section.2}{\376\377\000T\000h\000e\000\040\000R\000u\000n\000n\000i\000n\000g\000\040\000M\000o\000d\000e\000l}{}% 2
\BOOKMARK [2][-]{subsection.2.1}{\376\377\000P\000r\000e\000d\000i\000c\000t\000i\000o\000n\000\040\000F\000u\000n\000c\000t\000i\000o\000n\000s}{section.2}% 3
\BOOKMARK [1][-]{section.3}{\376\377\000S\000h\000a\000p\000l\000e\000y\000\040\000V\000a\000l\000u\000e\000s\000:\000\040\000D\000e\000f\000i\000n\000i\000t\000i\000o\000n\000\040\000a\000n\000d\000\040\000P\000r\000o\000p\000e\000r\000t\000i\000e\000s}{}% 4
\BOOKMARK [2][-]{subsection.3.1}{\376\377\000C\000o\000o\000p\000e\000r\000a\000t\000i\000v\000e\000\040\000G\000a\000m\000e\000\040\000T\000h\000e\000o\000r\000y\000\040\000B\000a\000c\000k\000g\000r\000o\000u\000n\000d}{section.3}% 5
\BOOKMARK [2][-]{subsection.3.2}{\376\377\000S\000H\000A\000P\000:\000\040\000S\000h\000a\000p\000l\000e\000y\000\040\000V\000a\000l\000u\000e\000s\000\040\000f\000o\000r\000\040\000M\000a\000c\000h\000i\000n\000e\000\040\000L\000e\000a\000r\000n\000i\000n\000g}{section.3}% 6
\BOOKMARK [1][-]{section.4}{\376\377\000P\000l\000a\000i\000n\000\040\000S\000H\000A\000P\000\040\000o\000n\000\040\000t\000h\000e\000\040\000R\000u\000n\000n\000i\000n\000g\000\040\000M\000o\000d\000e\000l}{}% 7
\BOOKMARK [2][-]{subsection.4.1}{\376\377\000T\000a\000r\000g\000e\000t\000\040\000Y\000,\000\040\000F\000e\000a\000t\000u\000r\000e\000s\000\040\000\173\000X\000,\000\040\000M\000\175}{section.4}% 8
\BOOKMARK [2][-]{subsection.4.2}{\376\377\000T\000a\000r\000g\000e\000t\000\040\000M\000,\000\040\000F\000e\000a\000t\000u\000r\000e\000s\000\040\000\173\000X\000,\000\040\000Y\000\175}{section.4}% 9
\BOOKMARK [2][-]{subsection.4.3}{\376\377\000T\000a\000r\000g\000e\000t\000\040\000X\000,\000\040\000F\000e\000a\000t\000u\000r\000e\000s\000\040\000\173\000M\000,\000\040\000Y\000\175}{section.4}% 10
\BOOKMARK [2][-]{subsection.4.4}{\376\377\000S\000u\000m\000m\000a\000r\000y\000:\000\040\000P\000l\000a\000i\000n\000\040\000S\000H\000A\000P}{section.4}% 11
\BOOKMARK [1][-]{section.5}{\376\377\000T\000h\000e\000\040\000M\000e\000d\000i\000a\000t\000o\000r\000\040\000D\000i\000l\000u\000t\000i\000o\000n\000\040\000P\000r\000o\000b\000l\000e\000m}{}% 12
\BOOKMARK [1][-]{section.6}{\376\377\000C\000a\000u\000s\000a\000l\000\040\000S\000h\000a\000p\000l\000e\000y\000\040\000V\000a\000l\000u\000e\000s}{}% 13
\BOOKMARK [2][-]{subsection.6.1}{\376\377\000D\000e\000f\000i\000n\000i\000t\000i\000o\000n}{section.6}% 14
\BOOKMARK [2][-]{subsection.6.2}{\376\377\000C\000a\000u\000s\000a\000l\000\040\000S\000h\000a\000p\000l\000e\000y\000\040\000o\000n\000\040\000t\000h\000e\000\040\000R\000u\000n\000n\000i\000n\000g\000\040\000M\000o\000d\000e\000l}{section.6}% 15
\BOOKMARK [1][-]{section.7}{\376\377\000D\000i\000r\000e\000c\000t\000\040\000a\000n\000d\000\040\000I\000n\000d\000i\000r\000e\000c\000t\000\040\000E\000f\000f\000e\000c\000t\000\040\000D\000e\000c\000o\000m\000p\000o\000s\000i\000t\000i\000o\000n}{}% 16
\BOOKMARK [1][-]{section.8}{\376\377\000R\000e\000s\000i\000d\000u\000a\000l\000\040\000L\000i\000m\000i\000t\000a\000t\000i\000o\000n\000s\000\040\000f\000o\000r\000\040\000R\000e\000s\000p\000o\000n\000s\000i\000b\000i\000l\000i\000t\000y\000\040\000A\000t\000t\000r\000i\000b\000u\000t\000i\000o\000n}{}% 17
\BOOKMARK [2][-]{subsection.8.1}{\376\377\000T\000h\000e\000\040\000E\000p\000i\000s\000t\000e\000m\000i\000c\000\040\000v\000s\000.\000\040\000C\000a\000u\000s\000a\000l\000\040\000D\000i\000r\000e\000c\000t\000\040\000E\000f\000f\000e\000c\000t\000\040\000P\000r\000o\000b\000l\000e\000m}{section.8}% 18
\BOOKMARK [2][-]{subsection.8.2}{\376\377\000S\000H\000A\000P\000\040\000E\000x\000p\000l\000a\000i\000n\000s\000\040\000P\000r\000e\000d\000i\000c\000t\000i\000o\000n\000s\000,\000\040\000N\000o\000t\000\040\000O\000u\000t\000c\000o\000m\000e\000s}{section.8}% 19
\BOOKMARK [2][-]{subsection.8.3}{\376\377\000T\000h\000e\000\040\000R\000e\000s\000p\000o\000n\000s\000i\000b\000i\000l\000i\000t\000y\000\040\000o\000f\000\040\000N\000o\000i\000s\000e}{section.8}% 20
\BOOKMARK [2][-]{subsection.8.4}{\376\377\000T\000h\000e\000\040\000C\000h\000o\000i\000c\000e\000\040\000o\000f\000\040\000R\000e\000s\000p\000o\000n\000s\000i\000b\000i\000l\000i\000t\000y\000\040\000P\000r\000i\000n\000c\000i\000p\000l\000e}{section.8}% 21
\BOOKMARK [1][-]{section.9}{\376\377\000C\000o\000n\000c\000l\000u\000s\000i\000o\000n}{}% 22
